#
# There is insufficient memory for the Java Runtime Environment to continue.
# Native memory allocation (malloc) failed to allocate 1048576 bytes. Error detail: AllocateHeap
# Possible reasons:
#   The system is out of physical RAM or swap space
#   This process is running with CompressedOops enabled, and the Java Heap may be blocking the growth of the native heap
# Possible solutions:
#   Reduce memory load on the system
#   Increase physical memory or swap space
#   Check if swap backing store is full
#   Decrease Java heap size (-Xmx/-Xms)
#   Decrease number of Java threads
#   Decrease Java thread stack sizes (-Xss)
#   Set larger code cache with -XX:ReservedCodeCacheSize=
#   JVM is running with Unscaled Compressed Oops mode in which the Java heap is
#     placed in the first 4GB address space. The Java Heap base address is the
#     maximum limit for the native heap growth. Please use -XX:HeapBaseMinAddress
#     to set the Java Heap base and to place the Java Heap above 4GB virtual address.
# This output file may be truncated or incomplete.
#
#  Out of Memory Error (allocation.cpp:44), pid=5292, tid=16984
#
# JRE version: OpenJDK Runtime Environment Temurin-21.0.10+7 (21.0.10+7) (build 21.0.10+7-LTS)
# Java VM: OpenJDK 64-Bit Server VM Temurin-21.0.10+7 (21.0.10+7-LTS, mixed mode, sharing, tiered, compressed oops, compressed class ptrs, parallel gc, windows-amd64)
# No core dump will be written. Minidumps are not enabled by default on client versions of Windows
#

---------------  S U M M A R Y ------------

Command Line: --add-modules=ALL-SYSTEM --add-opens=java.base/java.util=ALL-UNNAMED --add-opens=java.base/java.lang=ALL-UNNAMED --add-opens=java.base/sun.nio.fs=ALL-UNNAMED -Declipse.application=org.eclipse.jdt.ls.core.id1 -Dosgi.bundles.defaultStartLevel=4 -Declipse.product=org.eclipse.jdt.ls.core.product -Djava.import.generatesMetadataFilesAtProjectRoot=false -DDetectVMInstallationsJob.disabled=true -Dfile.encoding=utf8 -XX:+UseParallelGC -XX:GCTimeRatio=4 -XX:AdaptiveSizePolicyWeight=90 -Dsun.zip.disableMemoryMapping=true -Xmx2G -Xms100m -Xlog:disable -javaagent:c:\Users\Lorena Reyes\.vscode\extensions\redhat.java-1.53.0-win32-x64\lombok\lombok-1.18.39-4050.jar -XX:+HeapDumpOnOutOfMemoryError -XX:HeapDumpPath=c:\Users\Lorena Reyes\AppData\Roaming\Code\User\workspaceStorage\a412d88f7c3d532d4008e2742edfc6b3\redhat.java -Daether.dependencyCollector.impl=bf c:\Users\Lorena Reyes\.vscode\extensions\redhat.java-1.53.0-win32-x64\server\plugins\org.eclipse.equinox.launcher_1.7.100.v20251111-0406.jar -configuration c:\Users\Lorena Reyes\AppData\Roaming\Code\User\globalStorage\redhat.java\1.53.0\config_win -data c:\Users\Lorena Reyes\AppData\Roaming\Code\User\workspaceStorage\a412d88f7c3d532d4008e2742edfc6b3\redhat.java\jdt_ws --pipe=\\.\pipe\lsp-716bc9b4f0ffc59c19a36f1d377e6982-sock

Host: Intel(R) Core(TM) i5-1035G1 CPU @ 1.00GHz, 8 cores, 7G,  Windows 11 , 64 bit Build 26100 (10.0.26100.7920)
Time: Mon Apr 13 00:50:49 2026 Hora estándar central (México) elapsed time: 4901.343193 seconds (0d 1h 21m 41s)

---------------  T H R E A D  ---------------

Current thread (0x000002dbb3d36bb0):  JavaThread "Attach Listener" daemon [_thread_in_vm, id=16984, stack(0x000000e998800000,0x000000e998900000) (1024K)]

Stack: [0x000000e998800000,0x000000e998900000]
Native frames: (J=compiled Java code, j=interpreted, Vv=VM code, C=native code)
V  [jvm.dll+0x6d7a39]
V  [jvm.dll+0x8b4b26]
V  [jvm.dll+0x8b70de]
V  [jvm.dll+0x8b77c3]
V  [jvm.dll+0x284346]
V  [jvm.dll+0xc1277]
V  [jvm.dll+0x6d82e9]
V  [jvm.dll+0x1334a6]
V  [jvm.dll+0x3f857e]
V  [jvm.dll+0x85f59d]
V  [jvm.dll+0x6d626d]
C  [ucrtbase.dll+0x37b0]
C  [KERNEL32.DLL+0x2e8d7]
C  [ntdll.dll+0x8c48c]


---------------  P R O C E S S  ---------------

Threads class SMR info:
_java_thread_list=0x000002dc141d7cc0, length=40, elements={
0x000002dbb1a351d0, 0x000002dbb3d2e9e0, 0x000002dbb3d31040, 0x000002dbb3d35da0,
0x000002dbb3d36bb0, 0x000002dbb3d37610, 0x000002dbb3d38070, 0x000002dbb3d3bed0,
0x000002dc11015550, 0x000002dc11220770, 0x000002dc111c3ab0, 0x000002dc11b5aca0,
0x000002dc11cc2670, 0x000002dc11b3af30, 0x000002dc11b3b9a0, 0x000002dc11bbd960,
0x000002dc120d14f0, 0x000002dc12439a60, 0x000002dc112bfe00, 0x000002dc112c11b0,
0x000002dc112bea50, 0x000002dc13fc6700, 0x000002dc13fc8140, 0x000002dc13fc8e60,
0x000002dc13fc94f0, 0x000002dc13fc7ab0, 0x000002dc13fc6d90, 0x000002dc13fc7420,
0x000002dc13fc87d0, 0x000002dc13fc6070, 0x000002dc13fca8a0, 0x000002dc13fcc970,
0x000002dc12035690, 0x000002dc13fcaf30, 0x000002dc1189f5d0, 0x000002dc12032f30,
0x000002dc12036a40, 0x000002dc12038b10, 0x000002dc120370d0, 0x000002dc1189b430
}

Java Threads: ( => current thread )
  0x000002dbb1a351d0 JavaThread "main"                              [_thread_blocked, id=2012, stack(0x000000e998100000,0x000000e998200000) (1024K)]
  0x000002dbb3d2e9e0 JavaThread "Reference Handler"          daemon [_thread_blocked, id=3248, stack(0x000000e998500000,0x000000e998600000) (1024K)]
  0x000002dbb3d31040 JavaThread "Finalizer"                  daemon [_thread_blocked, id=3036, stack(0x000000e998600000,0x000000e998700000) (1024K)]
  0x000002dbb3d35da0 JavaThread "Signal Dispatcher"          daemon [_thread_blocked, id=10660, stack(0x000000e998700000,0x000000e998800000) (1024K)]
=>0x000002dbb3d36bb0 JavaThread "Attach Listener"            daemon [_thread_in_vm, id=16984, stack(0x000000e998800000,0x000000e998900000) (1024K)]
  0x000002dbb3d37610 JavaThread "Service Thread"             daemon [_thread_blocked, id=4184, stack(0x000000e998900000,0x000000e998a00000) (1024K)]
  0x000002dbb3d38070 JavaThread "Monitor Deflation Thread"   daemon [_thread_blocked, id=3200, stack(0x000000e998a00000,0x000000e998b00000) (1024K)]
  0x000002dbb3d3bed0 JavaThread "C2 CompilerThread0"         daemon [_thread_blocked, id=10276, stack(0x000000e998b00000,0x000000e998c00000) (1024K)]
  0x000002dc11015550 JavaThread "C1 CompilerThread0"         daemon [_thread_blocked, id=2548, stack(0x000000e998c00000,0x000000e998d00000) (1024K)]
  0x000002dc11220770 JavaThread "Common-Cleaner"             daemon [_thread_blocked, id=16456, stack(0x000000e998e00000,0x000000e998f00000) (1024K)]
  0x000002dc111c3ab0 JavaThread "Notification Thread"        daemon [_thread_blocked, id=4244, stack(0x000000e998d00000,0x000000e998e00000) (1024K)]
  0x000002dc11b5aca0 JavaThread "Active Thread: Equinox Container: ab369a41-b847-49e3-9d74-a1182cf76144"        [_thread_blocked, id=14200, stack(0x000000e999600000,0x000000e999700000) (1024K)]
  0x000002dc11cc2670 JavaThread "Refresh Thread: Equinox Container: ab369a41-b847-49e3-9d74-a1182cf76144" daemon [_thread_blocked, id=7756, stack(0x000000e999800000,0x000000e999900000) (1024K)]
  0x000002dc11b3af30 JavaThread "Framework Event Dispatcher: Equinox Container: ab369a41-b847-49e3-9d74-a1182cf76144" daemon [_thread_blocked, id=18716, stack(0x000000e999900000,0x000000e999a00000) (1024K)]
  0x000002dc11b3b9a0 JavaThread "Start Level: Equinox Container: ab369a41-b847-49e3-9d74-a1182cf76144" daemon [_thread_blocked, id=364, stack(0x000000e999a00000,0x000000e999b00000) (1024K)]
  0x000002dc11bbd960 JavaThread "Bundle File Closer"         daemon [_thread_blocked, id=5140, stack(0x000000e999b00000,0x000000e999c00000) (1024K)]
  0x000002dc120d14f0 JavaThread "SCR Component Actor"        daemon [_thread_blocked, id=11212, stack(0x000000e999c00000,0x000000e999d00000) (1024K)]
  0x000002dc12439a60 JavaThread "Worker-JM"                         [_thread_blocked, id=18024, stack(0x000000e999d00000,0x000000e999e00000) (1024K)]
  0x000002dc112bfe00 JavaThread "JNA Cleaner"                daemon [_thread_blocked, id=18232, stack(0x000000e998f00000,0x000000e999000000) (1024K)]
  0x000002dc112c11b0 JavaThread "Java indexing"              daemon [_thread_blocked, id=15492, stack(0x000000e99a200000,0x000000e99a300000) (1024K)]
  0x000002dc112bea50 JavaThread "Thread-1"                   daemon [_thread_in_native, id=18204, stack(0x000000e99a800000,0x000000e99a900000) (1024K)]
  0x000002dc13fc6700 JavaThread "Thread-2"                   daemon [_thread_in_native, id=5328, stack(0x000000e99a900000,0x000000e99aa00000) (1024K)]
  0x000002dc13fc8140 JavaThread "Thread-3"                   daemon [_thread_in_native, id=19316, stack(0x000000e99aa00000,0x000000e99ab00000) (1024K)]
  0x000002dc13fc8e60 JavaThread "Thread-4"                   daemon [_thread_in_native, id=18788, stack(0x000000e99ab00000,0x000000e99ac00000) (1024K)]
  0x000002dc13fc94f0 JavaThread "Thread-5"                   daemon [_thread_in_native, id=4692, stack(0x000000e99ac00000,0x000000e99ad00000) (1024K)]
  0x000002dc13fc7ab0 JavaThread "Thread-6"                   daemon [_thread_in_native, id=8272, stack(0x000000e99ad00000,0x000000e99ae00000) (1024K)]
  0x000002dc13fc6d90 JavaThread "Thread-7"                   daemon [_thread_in_native, id=15816, stack(0x000000e99ae00000,0x000000e99af00000) (1024K)]
  0x000002dc13fc7420 JavaThread "Thread-8"                   daemon [_thread_in_native, id=13844, stack(0x000000e99af00000,0x000000e99b000000) (1024K)]
  0x000002dc13fc87d0 JavaThread "Thread-9"                   daemon [_thread_in_native, id=8260, stack(0x000000e99b000000,0x000000e99b100000) (1024K)]
  0x000002dc13fc6070 JavaThread "pool-2-thread-1"                   [_thread_blocked, id=4296, stack(0x000000e99b100000,0x000000e99b200000) (1024K)]
  0x000002dc13fca8a0 JavaThread "WorkspaceEventsHandler"            [_thread_blocked, id=3720, stack(0x000000e99b200000,0x000000e99b300000) (1024K)]
  0x000002dc13fcc970 JavaThread "pool-1-thread-1"                   [_thread_blocked, id=15032, stack(0x000000e99b300000,0x000000e99b400000) (1024K)]
  0x000002dc12035690 JavaThread "Cleaner-0"                  daemon [_thread_blocked, id=16596, stack(0x000000e99bc00000,0x000000e99bd00000) (1024K)]
  0x000002dc13fcaf30 JavaThread "Worker-10"                         [_thread_blocked, id=16064, stack(0x000000e99a000000,0x000000e99a100000) (1024K)]
  0x000002dc1189f5d0 JavaThread "Worker-19"                         [_thread_blocked, id=8972, stack(0x000000e99b500000,0x000000e99b600000) (1024K)]
  0x000002dc12032f30 JavaThread "ForkJoinPool.commonPool-worker-20" daemon [_thread_blocked, id=18820, stack(0x000000e997e00000,0x000000e997f00000) (1024K)]
  0x000002dc12036a40 JavaThread "ForkJoinPool.commonPool-worker-21" daemon [_thread_blocked, id=18860, stack(0x000000e997f00000,0x000000e998000000) (1024K)]
  0x000002dc12038b10 JavaThread "ForkJoinPool.commonPool-worker-22" daemon [_thread_blocked, id=3100, stack(0x000000e998000000,0x000000e998100000) (1024K)]
  0x000002dc120370d0 JavaThread "ForkJoinPool.commonPool-worker-23" daemon [_thread_blocked, id=3360, stack(0x000000e999e00000,0x000000e999f00000) (1024K)]
  0x000002dc1189b430 JavaThread "Worker-22"                         [_thread_blocked, id=13292, stack(0x000000e99a100000,0x000000e99a200000) (1024K)]
Total: 40

Other Threads:
  0x000002dbb3d228d0 VMThread "VM Thread"                           [id=3008, stack(0x000000e998400000,0x000000e998500000) (1024K)]
  0x000002dbb3e29a10 WatcherThread "VM Periodic Task Thread"        [id=14436, stack(0x000000e998300000,0x000000e998400000) (1024K)]
  0x000002dbb3dd1990 WorkerThread "GC Thread#0"                     [id=2364, stack(0x000000e998200000,0x000000e998300000) (1024K)]
  0x000002dc11c50190 WorkerThread "GC Thread#1"                     [id=11384, stack(0x000000e999000000,0x000000e999100000) (1024K)]
  0x000002dc11546c60 WorkerThread "GC Thread#2"                     [id=18992, stack(0x000000e999100000,0x000000e999200000) (1024K)]
  0x000002dc11c50540 WorkerThread "GC Thread#3"                     [id=14568, stack(0x000000e999200000,0x000000e999300000) (1024K)]
  0x000002dc11472420 WorkerThread "GC Thread#4"                     [id=12148, stack(0x000000e999300000,0x000000e999400000) (1024K)]
  0x000002dc114727d0 WorkerThread "GC Thread#5"                     [id=11592, stack(0x000000e999400000,0x000000e999500000) (1024K)]
  0x000002dc11472b80 WorkerThread "GC Thread#6"                     [id=15064, stack(0x000000e999500000,0x000000e999600000) (1024K)]
  0x000002dc11cc0130 WorkerThread "GC Thread#7"                     [id=12596, stack(0x000000e999700000,0x000000e999800000) (1024K)]
Total: 10

Threads with active compile tasks:
Total: 0

VM state: not at safepoint (normal execution)

VM Mutex/Monitor currently owned by a thread: None

Heap address: 0x0000000080000000, size: 2048 MB, Compressed Oops mode: 32-bit

CDS archive(s) mapped at: [0x000002dbcb000000-0x000002dbcbba0000-0x000002dbcbba0000), size 12189696, SharedBaseAddress: 0x000002dbcb000000, ArchiveRelocationMode: 1.
Compressed class space mapped at: 0x000002dbcc000000-0x000002dc0c000000, reserved size: 1073741824
Narrow klass base: 0x000002dbcb000000, Narrow klass shift: 0, Narrow klass range: 0x100000000

GC Precious Log:
 CardTable entry size: 512
 CPUs: 8 total, 8 available
 Memory: 7876M
 Large Page Support: Disabled
 NUMA Support: Disabled
 Compressed Oops: Enabled (32-bit)
 Alignments: Space 512K, Generation 512K, Heap 2M
 Heap Min Capacity: 100M
 Heap Initial Capacity: 100M
 Heap Max Capacity: 2G
 Pre-touch: Disabled
 Parallel Workers: 8

Heap:
 PSYoungGen      total 6144K, used 3680K [0x00000000d5580000, 0x00000000d5d80000, 0x0000000100000000)
  eden space 4096K, 52% used [0x00000000d5580000,0x00000000d57987d0,0x00000000d5980000)
  from space 2048K, 74% used [0x00000000d5b80000,0x00000000d5cff960,0x00000000d5d80000)
  to   space 2048K, 0% used [0x00000000d5980000,0x00000000d5980000,0x00000000d5b80000)
 ParOldGen       total 754688K, used 754531K [0x0000000080000000, 0x00000000ae100000, 0x00000000d5580000)
  object space 754688K, 99% used [0x0000000080000000,0x00000000ae0d8dd8,0x00000000ae100000)
 Metaspace       used 91827K, committed 93440K, reserved 1179648K
  class space    used 9160K, committed 9920K, reserved 1048576K

Card table byte_map: [0x000002dbb3750000,0x000002dbb3b60000] _byte_map_base: 0x000002dbb3350000

Marking Bits: (ParMarkBitMap*) 0x00007ff96cc73450
 Begin Bits: [0x000002dbc6260000, 0x000002dbc8260000)
 End Bits:   [0x000002dbc8260000, 0x000002dbca260000)

Polling page: 0x000002dbb1d10000

Metaspace:

Usage:
  Non-class:     80.73 MB used.
      Class:      8.95 MB used.
       Both:     89.68 MB used.

Virtual space:
  Non-class space:      128.00 MB reserved,      81.56 MB ( 64%) committed,  2 nodes.
      Class space:        1.00 GB reserved,       9.69 MB ( <1%) committed,  1 nodes.
             Both:        1.12 GB reserved,      91.25 MB (  8%) committed. 

Chunk freelists:
   Non-Class:  14.16 MB
       Class:  6.32 MB
        Both:  20.48 MB

MaxMetaspaceSize: unlimited
CompressedClassSpaceSize: 1.00 GB
Initial GC threshold: 21.00 MB
Current GC threshold: 137.00 MB
CDS: on
 - commit_granule_bytes: 65536.
 - commit_granule_words: 8192.
 - virtual_space_node_default_size: 8388608.
 - enlarge_chunks_in_place: 1.
 - use_allocation_guard: 0.


Internal statistics:

num_allocs_failed_limit: 9.
num_arena_births: 1644.
num_arena_deaths: 262.
num_vsnodes_births: 3.
num_vsnodes_deaths: 0.
num_space_committed: 1460.
num_space_uncommitted: 0.
num_chunks_returned_to_freelist: 292.
num_chunks_taken_from_freelist: 6272.
num_chunk_merges: 70.
num_chunk_splits: 3637.
num_chunks_enlarged: 2038.
num_inconsistent_stats: 0.

CodeHeap 'non-profiled nmethods': size=120000Kb used=25555Kb max_used=25555Kb free=94444Kb
 bounds [0x000002dbbea80000, 0x000002dbc0380000, 0x000002dbc5fb0000]
CodeHeap 'profiled nmethods': size=120000Kb used=51001Kb max_used=51001Kb free=68998Kb
 bounds [0x000002dbb6fb0000, 0x000002dbba180000, 0x000002dbbe4e0000]
CodeHeap 'non-nmethods': size=5760Kb used=1531Kb max_used=1597Kb free=4228Kb
 bounds [0x000002dbbe4e0000, 0x000002dbbe750000, 0x000002dbbea80000]
CodeCache: size=245760Kb, used=78087Kb, max_used=78153Kb, free=167670Kb
 total_blobs=21065, nmethods=20227, adapters=741, full_count=0
Compilation: enabled, stopped_count=0, restarted_count=0

Compilation events (20 events):
Event: 4883.983 Thread 0x000002dbb3d3bed0 24318       4       java.lang.reflect.Constructor::newInstanceWithCaller (51 bytes)
Event: 4884.002 Thread 0x000002dbb3d3bed0 nmethod 24318 0x000002dbc036b710 code [0x000002dbc036b9c0, 0x000002dbc036c168]
Event: 4884.051 Thread 0x000002dbb3d3bed0 24319   !   4       org.eclipse.core.internal.resources.Container::getChildren (154 bytes)
Event: 4884.158 Thread 0x000002dbb3d3bed0 nmethod 24319 0x000002dbc036c990 code [0x000002dbc036ce80, 0x000002dbc036fa68]
Event: 4884.320 Thread 0x000002dbb3d3bed0 24320       4       org.eclipse.jdt.internal.compiler.parser.JavadocParser::<init> (61 bytes)
Event: 4884.340 Thread 0x000002dbb3d3bed0 nmethod 24320 0x000002dbc0371110 code [0x000002dbc0371300, 0x000002dbc0371bf8]
Event: 4884.340 Thread 0x000002dbb3d3bed0 24321       4       org.eclipse.jdt.internal.compiler.parser.AbstractCommentParser::<init> (184 bytes)
Event: 4884.352 Thread 0x000002dbb3d3bed0 nmethod 24321 0x000002dbc0371f90 code [0x000002dbc0372160, 0x000002dbc0372938]
Event: 4884.378 Thread 0x000002dbb3d3bed0 24322   !   4       org.eclipse.jdt.core.dom.AST::postRemoveChildEvent (63 bytes)
Event: 4884.385 Thread 0x000002dbb3d3bed0 nmethod 24322 0x000002dbc0372c10 code [0x000002dbc0372dc0, 0x000002dbc0373468]
Event: 4884.530 Thread 0x000002dbb3d3bed0 24323   !   4       java.util.concurrent.ForkJoinTask::doExec (37 bytes)
Event: 4884.532 Thread 0x000002dbb3d3bed0 nmethod 24323 0x000002dbc0373710 code [0x000002dbc03738c0, 0x000002dbc0373a18]
Event: 4884.642 Thread 0x000002dc11015550 24324       3       org.eclipse.jdt.ls.core.internal.semantictokens.SemanticTokensVisitor::hasPackageQualifier (40 bytes)
Event: 4884.642 Thread 0x000002dc11015550 nmethod 24324 0x000002dbba17e290 code [0x000002dbba17e4c0, 0x000002dbba17ece0]
Event: 4884.842 Thread 0x000002dc11015550 24325       3       org.eclipse.jdt.core.dom.DefaultASTVisitor::visit (8 bytes)
Event: 4884.843 Thread 0x000002dc11015550 nmethod 24325 0x000002dbba17ef10 code [0x000002dbba17f0c0, 0x000002dbba17f290]
Event: 4884.843 Thread 0x000002dc11015550 24326       3       org.eclipse.jdt.core.dom.DefaultASTVisitor::endVisit (6 bytes)
Event: 4884.843 Thread 0x000002dc11015550 nmethod 24326 0x000002dbba17f310 code [0x000002dbba17f4c0, 0x000002dbba17f688]
Event: 4885.000 Thread 0x000002dbb3d3bed0 24327       4       org.eclipse.jdt.internal.compiler.flow.FlowContext::recordUsingNullReference (591 bytes)
Event: 4885.015 Thread 0x000002dbb3d3bed0 nmethod 24327 0x000002dbc0373b90 code [0x000002dbc0373de0, 0x000002dbc0374788]

GC Heap History (20 events):
Event: 4884.997 GC heap before
{Heap before GC invocations=2962 (full 5):
 PSYoungGen      total 2560K, used 2512K [0x00000000d5580000, 0x00000000d5900000, 0x0000000100000000)
  eden space 2048K, 100% used [0x00000000d5580000,0x00000000d5780000,0x00000000d5780000)
  from space 512K, 90% used [0x00000000d5880000,0x00000000d58f4010,0x00000000d5900000)
  to   space 512K, 0% used [0x00000000d5800000,0x00000000d5800000,0x00000000d5880000)
 ParOldGen       total 745984K, used 745637K [0x0000000080000000, 0x00000000ad880000, 0x00000000d5580000)
  object space 745984K, 99% used [0x0000000080000000,0x00000000ad829660,0x00000000ad880000)
 Metaspace       used 91827K, committed 93440K, reserved 1179648K
  class space    used 9160K, committed 9920K, reserved 1048576K
}
Event: 4884.998 GC heap after
{Heap after GC invocations=2962 (full 5):
 PSYoungGen      total 2560K, used 512K [0x00000000d5580000, 0x00000000d5980000, 0x0000000100000000)
  eden space 2048K, 0% used [0x00000000d5580000,0x00000000d5580000,0x00000000d5780000)
  from space 512K, 100% used [0x00000000d5800000,0x00000000d5880000,0x00000000d5880000)
  to   space 1024K, 0% used [0x00000000d5880000,0x00000000d5880000,0x00000000d5980000)
 ParOldGen       total 745984K, used 745697K [0x0000000080000000, 0x00000000ad880000, 0x00000000d5580000)
  object space 745984K, 99% used [0x0000000080000000,0x00000000ad838670,0x00000000ad880000)
 Metaspace       used 91827K, committed 93440K, reserved 1179648K
  class space    used 9160K, committed 9920K, reserved 1048576K
}
Event: 4885.007 GC heap before
{Heap before GC invocations=2963 (full 5):
 PSYoungGen      total 2560K, used 2560K [0x00000000d5580000, 0x00000000d5980000, 0x0000000100000000)
  eden space 2048K, 100% used [0x00000000d5580000,0x00000000d5780000,0x00000000d5780000)
  from space 512K, 100% used [0x00000000d5800000,0x00000000d5880000,0x00000000d5880000)
  to   space 1024K, 0% used [0x00000000d5880000,0x00000000d5880000,0x00000000d5980000)
 ParOldGen       total 745984K, used 745697K [0x0000000080000000, 0x00000000ad880000, 0x00000000d5580000)
  object space 745984K, 99% used [0x0000000080000000,0x00000000ad838670,0x00000000ad880000)
 Metaspace       used 91827K, committed 93440K, reserved 1179648K
  class space    used 9160K, committed 9920K, reserved 1048576K
}
Event: 4885.012 GC heap after
{Heap after GC invocations=2963 (full 5):
 PSYoungGen      total 3072K, used 864K [0x00000000d5580000, 0x00000000d5980000, 0x0000000100000000)
  eden space 2048K, 0% used [0x00000000d5580000,0x00000000d5580000,0x00000000d5780000)
  from space 1024K, 84% used [0x00000000d5880000,0x00000000d5958000,0x00000000d5980000)
  to   space 1024K, 0% used [0x00000000d5780000,0x00000000d5780000,0x00000000d5880000)
 ParOldGen       total 746496K, used 746188K [0x0000000080000000, 0x00000000ad900000, 0x00000000d5580000)
  object space 746496K, 99% used [0x0000000080000000,0x00000000ad8b3238,0x00000000ad900000)
 Metaspace       used 91827K, committed 93440K, reserved 1179648K
  class space    used 9160K, committed 9920K, reserved 1048576K
}
Event: 4900.767 GC heap before
{Heap before GC invocations=2964 (full 5):
 PSYoungGen      total 3072K, used 2910K [0x00000000d5580000, 0x00000000d5980000, 0x0000000100000000)
  eden space 2048K, 99% used [0x00000000d5580000,0x00000000d577f948,0x00000000d5780000)
  from space 1024K, 84% used [0x00000000d5880000,0x00000000d5958000,0x00000000d5980000)
  to   space 1024K, 0% used [0x00000000d5780000,0x00000000d5780000,0x00000000d5880000)
 ParOldGen       total 746496K, used 746188K [0x0000000080000000, 0x00000000ad900000, 0x00000000d5580000)
  object space 746496K, 99% used [0x0000000080000000,0x00000000ad8b3238,0x00000000ad900000)
 Metaspace       used 91827K, committed 93440K, reserved 1179648K
  class space    used 9160K, committed 9920K, reserved 1048576K
}
Event: 4900.772 GC heap after
{Heap after GC invocations=2964 (full 5):
 PSYoungGen      total 3072K, used 128K [0x00000000d5580000, 0x00000000d5900000, 0x0000000100000000)
  eden space 2048K, 0% used [0x00000000d5580000,0x00000000d5580000,0x00000000d5780000)
  from space 1024K, 12% used [0x00000000d5780000,0x00000000d57a0000,0x00000000d5880000)
  to   space 512K, 0% used [0x00000000d5880000,0x00000000d5880000,0x00000000d5900000)
 ParOldGen       total 746496K, used 746378K [0x0000000080000000, 0x00000000ad900000, 0x00000000d5580000)
  object space 746496K, 99% used [0x0000000080000000,0x00000000ad8e29b8,0x00000000ad900000)
 Metaspace       used 91827K, committed 93440K, reserved 1179648K
  class space    used 9160K, committed 9920K, reserved 1048576K
}
Event: 4900.784 GC heap before
{Heap before GC invocations=2965 (full 5):
 PSYoungGen      total 3072K, used 2176K [0x00000000d5580000, 0x00000000d5900000, 0x0000000100000000)
  eden space 2048K, 100% used [0x00000000d5580000,0x00000000d5780000,0x00000000d5780000)
  from space 1024K, 12% used [0x00000000d5780000,0x00000000d57a0000,0x00000000d5880000)
  to   space 512K, 0% used [0x00000000d5880000,0x00000000d5880000,0x00000000d5900000)
 ParOldGen       total 746496K, used 746378K [0x0000000080000000, 0x00000000ad900000, 0x00000000d5580000)
  object space 746496K, 99% used [0x0000000080000000,0x00000000ad8e29b8,0x00000000ad900000)
 Metaspace       used 91827K, committed 93440K, reserved 1179648K
  class space    used 9160K, committed 9920K, reserved 1048576K
}
Event: 4900.787 GC heap after
{Heap after GC invocations=2965 (full 5):
 PSYoungGen      total 2048K, used 511K [0x00000000d5580000, 0x00000000d5a80000, 0x0000000100000000)
  eden space 1536K, 0% used [0x00000000d5580000,0x00000000d5580000,0x00000000d5700000)
  from space 512K, 99% used [0x00000000d5880000,0x00000000d58ffcb0,0x00000000d5900000)
  to   space 1536K, 0% used [0x00000000d5700000,0x00000000d5700000,0x00000000d5880000)
 ParOldGen       total 747520K, used 747135K [0x0000000080000000, 0x00000000ada00000, 0x00000000d5580000)
  object space 747520K, 99% used [0x0000000080000000,0x00000000ad99fda0,0x00000000ada00000)
 Metaspace       used 91827K, committed 93440K, reserved 1179648K
  class space    used 9160K, committed 9920K, reserved 1048576K
}
Event: 4900.793 GC heap before
{Heap before GC invocations=2966 (full 5):
 PSYoungGen      total 2048K, used 2047K [0x00000000d5580000, 0x00000000d5a80000, 0x0000000100000000)
  eden space 1536K, 99% used [0x00000000d5580000,0x00000000d56fffd0,0x00000000d5700000)
  from space 512K, 99% used [0x00000000d5880000,0x00000000d58ffcb0,0x00000000d5900000)
  to   space 1536K, 0% used [0x00000000d5700000,0x00000000d5700000,0x00000000d5880000)
 ParOldGen       total 747520K, used 747135K [0x0000000080000000, 0x00000000ada00000, 0x00000000d5580000)
  object space 747520K, 99% used [0x0000000080000000,0x00000000ad99fda0,0x00000000ada00000)
 Metaspace       used 91827K, committed 93440K, reserved 1179648K
  class space    used 9160K, committed 9920K, reserved 1048576K
}
Event: 4900.797 GC heap after
{Heap after GC invocations=2966 (full 5):
 PSYoungGen      total 3072K, used 1536K [0x00000000d5580000, 0x00000000d5c00000, 0x0000000100000000)
  eden space 1536K, 0% used [0x00000000d5580000,0x00000000d5580000,0x00000000d5700000)
  from space 1536K, 100% used [0x00000000d5700000,0x00000000d5880000,0x00000000d5880000)
  to   space 2560K, 0% used [0x00000000d5980000,0x00000000d5980000,0x00000000d5c00000)
 ParOldGen       total 748032K, used 747730K [0x0000000080000000, 0x00000000ada80000, 0x00000000d5580000)
  object space 748032K, 99% used [0x0000000080000000,0x00000000ada34bc8,0x00000000ada80000)
 Metaspace       used 91827K, committed 93440K, reserved 1179648K
  class space    used 9160K, committed 9920K, reserved 1048576K
}
Event: 4900.804 GC heap before
{Heap before GC invocations=2967 (full 5):
 PSYoungGen      total 3072K, used 2987K [0x00000000d5580000, 0x00000000d5c00000, 0x0000000100000000)
  eden space 1536K, 94% used [0x00000000d5580000,0x00000000d56eae30,0x00000000d5700000)
  from space 1536K, 100% used [0x00000000d5700000,0x00000000d5880000,0x00000000d5880000)
  to   space 2560K, 0% used [0x00000000d5980000,0x00000000d5980000,0x00000000d5c00000)
 ParOldGen       total 748032K, used 747730K [0x0000000080000000, 0x00000000ada80000, 0x00000000d5580000)
  object space 748032K, 99% used [0x0000000080000000,0x00000000ada34bc8,0x00000000ada80000)
 Metaspace       used 91827K, committed 93440K, reserved 1179648K
  class space    used 9160K, committed 9920K, reserved 1048576K
}
Event: 4900.810 GC heap after
{Heap after GC invocations=2967 (full 5):
 PSYoungGen      total 4096K, used 1503K [0x00000000d5580000, 0x00000000d5b80000, 0x0000000100000000)
  eden space 2048K, 0% used [0x00000000d5580000,0x00000000d5580000,0x00000000d5780000)
  from space 2048K, 73% used [0x00000000d5980000,0x00000000d5af7cb0,0x00000000d5b80000)
  to   space 2048K, 0% used [0x00000000d5780000,0x00000000d5780000,0x00000000d5980000)
 ParOldGen       total 749568K, used 749202K [0x0000000080000000, 0x00000000adc00000, 0x00000000d5580000)
  object space 749568K, 99% used [0x0000000080000000,0x00000000adba4bc8,0x00000000adc00000)
 Metaspace       used 91827K, committed 93440K, reserved 1179648K
  class space    used 9160K, committed 9920K, reserved 1048576K
}
Event: 4900.815 GC heap before
{Heap before GC invocations=2968 (full 5):
 PSYoungGen      total 4096K, used 3551K [0x00000000d5580000, 0x00000000d5b80000, 0x0000000100000000)
  eden space 2048K, 100% used [0x00000000d5580000,0x00000000d5780000,0x00000000d5780000)
  from space 2048K, 73% used [0x00000000d5980000,0x00000000d5af7cb0,0x00000000d5b80000)
  to   space 2048K, 0% used [0x00000000d5780000,0x00000000d5780000,0x00000000d5980000)
 ParOldGen       total 749568K, used 749202K [0x0000000080000000, 0x00000000adc00000, 0x00000000d5580000)
  object space 749568K, 99% used [0x0000000080000000,0x00000000adba4bc8,0x00000000adc00000)
 Metaspace       used 91827K, committed 93440K, reserved 1179648K
  class space    used 9160K, committed 9920K, reserved 1048576K
}
Event: 4900.821 GC heap after
{Heap after GC invocations=2968 (full 5):
 PSYoungGen      total 4096K, used 2047K [0x00000000d5580000, 0x00000000d6000000, 0x0000000100000000)
  eden space 2048K, 0% used [0x00000000d5580000,0x00000000d5580000,0x00000000d5780000)
  from space 2048K, 99% used [0x00000000d5780000,0x00000000d597fcb0,0x00000000d5980000)
  to   space 4096K, 0% used [0x00000000d5c00000,0x00000000d5c00000,0x00000000d6000000)
 ParOldGen       total 751104K, used 750634K [0x0000000080000000, 0x00000000add80000, 0x00000000d5580000)
  object space 751104K, 99% used [0x0000000080000000,0x00000000add0a878,0x00000000add80000)
 Metaspace       used 91827K, committed 93440K, reserved 1179648K
  class space    used 9160K, committed 9920K, reserved 1048576K
}
Event: 4900.832 GC heap before
{Heap before GC invocations=2969 (full 5):
 PSYoungGen      total 4096K, used 4095K [0x00000000d5580000, 0x00000000d6000000, 0x0000000100000000)
  eden space 2048K, 100% used [0x00000000d5580000,0x00000000d5780000,0x00000000d5780000)
  from space 2048K, 99% used [0x00000000d5780000,0x00000000d597fcb0,0x00000000d5980000)
  to   space 4096K, 0% used [0x00000000d5c00000,0x00000000d5c00000,0x00000000d6000000)
 ParOldGen       total 751104K, used 750634K [0x0000000080000000, 0x00000000add80000, 0x00000000d5580000)
  object space 751104K, 99% used [0x0000000080000000,0x00000000add0a878,0x00000000add80000)
 Metaspace       used 91827K, committed 93440K, reserved 1179648K
  class space    used 9160K, committed 9920K, reserved 1048576K
}
Event: 4900.838 GC heap after
{Heap after GC invocations=2969 (full 5):
 PSYoungGen      total 4608K, used 1664K [0x00000000d5580000, 0x00000000d5e00000, 0x0000000100000000)
  eden space 2560K, 0% used [0x00000000d5580000,0x00000000d5580000,0x00000000d5800000)
  from space 2048K, 81% used [0x00000000d5c00000,0x00000000d5da0000,0x00000000d5e00000)
  to   space 2560K, 0% used [0x00000000d5900000,0x00000000d5900000,0x00000000d5b80000)
 ParOldGen       total 752640K, used 752633K [0x0000000080000000, 0x00000000adf00000, 0x00000000d5580000)
  object space 752640K, 99% used [0x0000000080000000,0x00000000adefe528,0x00000000adf00000)
 Metaspace       used 91827K, committed 93440K, reserved 1179648K
  class space    used 9160K, committed 9920K, reserved 1048576K
}
Event: 4900.847 GC heap before
{Heap before GC invocations=2970 (full 5):
 PSYoungGen      total 4608K, used 4224K [0x00000000d5580000, 0x00000000d5e00000, 0x0000000100000000)
  eden space 2560K, 100% used [0x00000000d5580000,0x00000000d5800000,0x00000000d5800000)
  from space 2048K, 81% used [0x00000000d5c00000,0x00000000d5da0000,0x00000000d5e00000)
  to   space 2560K, 0% used [0x00000000d5900000,0x00000000d5900000,0x00000000d5b80000)
 ParOldGen       total 752640K, used 752633K [0x0000000080000000, 0x00000000adf00000, 0x00000000d5580000)
  object space 752640K, 99% used [0x0000000080000000,0x00000000adefe528,0x00000000adf00000)
 Metaspace       used 91827K, committed 93440K, reserved 1179648K
  class space    used 9160K, committed 9920K, reserved 1048576K
}
Event: 4900.852 GC heap after
{Heap after GC invocations=2970 (full 5):
 PSYoungGen      total 5632K, used 2270K [0x00000000d5580000, 0x00000000d5d80000, 0x0000000100000000)
  eden space 3072K, 0% used [0x00000000d5580000,0x00000000d5580000,0x00000000d5880000)
  from space 2560K, 88% used [0x00000000d5900000,0x00000000d5b37960,0x00000000d5b80000)
  to   space 2048K, 0% used [0x00000000d5b80000,0x00000000d5b80000,0x00000000d5d80000)
 ParOldGen       total 754176K, used 754175K [0x0000000080000000, 0x00000000ae080000, 0x00000000d5580000)
  object space 754176K, 99% used [0x0000000080000000,0x00000000ae07ff68,0x00000000ae080000)
 Metaspace       used 91827K, committed 93440K, reserved 1179648K
  class space    used 9160K, committed 9920K, reserved 1048576K
}
Event: 4900.864 GC heap before
{Heap before GC invocations=2971 (full 5):
 PSYoungGen      total 5632K, used 5342K [0x00000000d5580000, 0x00000000d5d80000, 0x0000000100000000)
  eden space 3072K, 100% used [0x00000000d5580000,0x00000000d5880000,0x00000000d5880000)
  from space 2560K, 88% used [0x00000000d5900000,0x00000000d5b37960,0x00000000d5b80000)
  to   space 2048K, 0% used [0x00000000d5b80000,0x00000000d5b80000,0x00000000d5d80000)
 ParOldGen       total 754176K, used 754175K [0x0000000080000000, 0x00000000ae080000, 0x00000000d5580000)
  object space 754176K, 99% used [0x0000000080000000,0x00000000ae07ff68,0x00000000ae080000)
 Metaspace       used 91827K, committed 93440K, reserved 1179648K
  class space    used 9160K, committed 9920K, reserved 1048576K
}
Event: 4900.868 GC heap after
{Heap after GC invocations=2971 (full 5):
 PSYoungGen      total 6144K, used 1534K [0x00000000d5580000, 0x00000000d5d80000, 0x0000000100000000)
  eden space 4096K, 0% used [0x00000000d5580000,0x00000000d5580000,0x00000000d5980000)
  from space 2048K, 74% used [0x00000000d5b80000,0x00000000d5cff960,0x00000000d5d80000)
  to   space 2048K, 0% used [0x00000000d5980000,0x00000000d5980000,0x00000000d5b80000)
 ParOldGen       total 754688K, used 754531K [0x0000000080000000, 0x00000000ae100000, 0x00000000d5580000)
  object space 754688K, 99% used [0x0000000080000000,0x00000000ae0d8dd8,0x00000000ae100000)
 Metaspace       used 91827K, committed 93440K, reserved 1179648K
  class space    used 9160K, committed 9920K, reserved 1048576K
}

Dll operation events (12 events):
Event: 0.237 Loaded shared library c:\Users\Lorena Reyes\.vscode\extensions\redhat.java-1.53.0-win32-x64\jre\21.0.10-win32-x86_64\bin\java.dll
Event: 0.430 Loaded shared library c:\Users\Lorena Reyes\.vscode\extensions\redhat.java-1.53.0-win32-x64\jre\21.0.10-win32-x86_64\bin\zip.dll
Event: 0.507 Loaded shared library C:\Users\Lorena Reyes\.vscode\extensions\redhat.java-1.53.0-win32-x64\jre\21.0.10-win32-x86_64\bin\instrument.dll
Event: 0.526 Loaded shared library C:\Users\Lorena Reyes\.vscode\extensions\redhat.java-1.53.0-win32-x64\jre\21.0.10-win32-x86_64\bin\net.dll
Event: 0.536 Loaded shared library C:\Users\Lorena Reyes\.vscode\extensions\redhat.java-1.53.0-win32-x64\jre\21.0.10-win32-x86_64\bin\nio.dll
Event: 0.543 Loaded shared library C:\Users\Lorena Reyes\.vscode\extensions\redhat.java-1.53.0-win32-x64\jre\21.0.10-win32-x86_64\bin\zip.dll
Event: 0.597 Loaded shared library C:\Users\Lorena Reyes\.vscode\extensions\redhat.java-1.53.0-win32-x64\jre\21.0.10-win32-x86_64\bin\jimage.dll
Event: 0.852 Loaded shared library c:\Users\Lorena Reyes\.vscode\extensions\redhat.java-1.53.0-win32-x64\jre\21.0.10-win32-x86_64\bin\verify.dll
Event: 4.261 Loaded shared library C:\Users\Lorena Reyes\AppData\Roaming\Code\User\globalStorage\redhat.java\1.53.0\config_win\org.eclipse.equinox.launcher\org.eclipse.equinox.launcher.win32.win32.x86_64_1.3.0.v20260203-2149\eclipse_11919.dll
Event: 8.327 Loaded shared library C:\Users\Lorena Reyes\AppData\Local\Temp\jna-149346333\jna6049795815386796086.dll
Event: 3447.754 Loaded shared library C:\Users\Lorena Reyes\.vscode\extensions\redhat.java-1.53.0-win32-x64\jre\21.0.10-win32-x86_64\bin\sunmscapi.dll
Event: 3447.970 Loaded shared library C:\Users\Lorena Reyes\.vscode\extensions\redhat.java-1.53.0-win32-x64\jre\21.0.10-win32-x86_64\bin\extnet.dll

Deoptimization events (20 events):
Event: 4829.726 Thread 0x000002dc12032f30 Uncommon trap: trap_request=0xffffff45 fr.pc=0x000002dbbf7d3080 relative=0x0000000000000200
Event: 4829.726 Thread 0x000002dc12032f30 Uncommon trap: reason=unstable_if action=reinterpret pc=0x000002dbbf7d3080 method=org.eclipse.jdt.internal.core.util.CommentRecorderParser.checkComment()V @ 21 c2
Event: 4829.726 Thread 0x000002dc12032f30 DEOPT PACKING pc=0x000002dbbf7d3080 sp=0x000000e997efe4f0
Event: 4829.726 Thread 0x000002dc12032f30 DEOPT UNPACKING pc=0x000002dbbe536da2 sp=0x000000e997efe460 mode 2
Event: 4829.729 Thread 0x000002dc12032f30 Uncommon trap: trap_request=0xffffffc6 fr.pc=0x000002dbbf4b840c relative=0x0000000000001d4c
Event: 4829.729 Thread 0x000002dc12032f30 Uncommon trap: reason=bimorphic_or_optimized_type_check action=maybe_recompile pc=0x000002dbbf4b840c method=org.eclipse.jdt.internal.compiler.parser.Parser.consumeToken(Lorg/eclipse/jdt/internal/compiler/parser/TerminalToken;)V @ 1409 c2
Event: 4829.729 Thread 0x000002dc12032f30 DEOPT PACKING pc=0x000002dbbf4b840c sp=0x000000e997efe1b0
Event: 4829.729 Thread 0x000002dc12032f30 DEOPT UNPACKING pc=0x000002dbbe536da2 sp=0x000000e997efe140 mode 2
Event: 4867.041 Thread 0x000002dc12036a40 DEOPT PACKING pc=0x000002dbb9df20df sp=0x000000e997ffdf50
Event: 4867.041 Thread 0x000002dc12036a40 DEOPT UNPACKING pc=0x000002dbbe5378e2 sp=0x000000e997ffd4a0 mode 0
Event: 4867.044 Thread 0x000002dc12036a40 Uncommon trap: trap_request=0xffffff6e fr.pc=0x000002dbbfd8dc00 relative=0x0000000000002100
Event: 4867.044 Thread 0x000002dc12036a40 Uncommon trap: reason=loop_limit_check action=maybe_recompile pc=0x000002dbbfd8dc00 method=org.eclipse.jdt.internal.compiler.parser.diagnose.DiagnoseParser.diagnoseParse0(Z)V @ 831 c2
Event: 4867.044 Thread 0x000002dc12036a40 DEOPT PACKING pc=0x000002dbbfd8dc00 sp=0x000000e997ffe010
Event: 4867.044 Thread 0x000002dc12036a40 DEOPT UNPACKING pc=0x000002dbbe536da2 sp=0x000000e997ffdfb0 mode 2
Event: 4867.045 Thread 0x000002dc12036a40 Uncommon trap: trap_request=0xffffffc6 fr.pc=0x000002dbbf4b840c relative=0x0000000000001d4c
Event: 4867.045 Thread 0x000002dc12036a40 Uncommon trap: reason=bimorphic_or_optimized_type_check action=maybe_recompile pc=0x000002dbbf4b840c method=org.eclipse.jdt.internal.compiler.parser.Parser.consumeToken(Lorg/eclipse/jdt/internal/compiler/parser/TerminalToken;)V @ 1409 c2
Event: 4867.045 Thread 0x000002dc12036a40 DEOPT PACKING pc=0x000002dbbf4b840c sp=0x000000e997ffde10
Event: 4867.045 Thread 0x000002dc12036a40 DEOPT UNPACKING pc=0x000002dbbe536da2 sp=0x000000e997ffdda0 mode 2
Event: 4877.722 Thread 0x000002dc12036a40 DEOPT PACKING pc=0x000002dbb8223213 sp=0x000000e997ffec10
Event: 4877.723 Thread 0x000002dc12036a40 DEOPT UNPACKING pc=0x000002dbbe5378e2 sp=0x000000e997ffe180 mode 0

Classes loaded (20 events):
Event: 3449.133 Loading class sun/net/www/http/KeepAliveCache$ClientVector
Event: 3449.133 Loading class sun/net/www/http/KeepAliveCache$ClientVector done
Event: 3449.149 Loading class sun/net/www/http/KeepAliveEntry
Event: 3449.149 Loading class sun/net/www/http/KeepAliveEntry done
Event: 3459.152 Loading class sun/net/ConnectionResetException
Event: 3459.153 Loading class sun/net/ConnectionResetException done
Event: 3712.516 Loading class java/lang/MatchException
Event: 3712.517 Loading class java/lang/MatchException done
Event: 3712.765 Loading class java/util/HashMap$EntrySpliterator
Event: 3712.766 Loading class java/util/HashMap$EntrySpliterator done
Event: 3725.128 Loading class java/time/DayOfWeek
Event: 3725.129 Loading class java/time/DayOfWeek done
Event: 3725.129 Loading class java/time/OffsetTime
Event: 3725.130 Loading class java/time/OffsetTime done
Event: 3725.130 Loading class java/time/OffsetDateTime
Event: 3725.131 Loading class java/time/OffsetDateTime done
Event: 3725.131 Loading class java/time/chrono/Era
Event: 3725.131 Loading class java/time/chrono/Era done
Event: 3725.131 Loading class java/time/chrono/IsoEra
Event: 3725.131 Loading class java/time/chrono/IsoEra done

Classes unloaded (20 events):
Event: 2564.130 Thread 0x000002dbb3d228d0 Unloading class 0x000002dbcc016400 'java/lang/invoke/LambdaForm$MH+0x000002dbcc016400'
Event: 2564.130 Thread 0x000002dbb3d228d0 Unloading class 0x000002dbcc014800 'java/lang/invoke/LambdaForm$MH+0x000002dbcc014800'
Event: 2564.130 Thread 0x000002dbb3d228d0 Unloading class 0x000002dbcc00d800 'java/lang/invoke/LambdaForm$MH+0x000002dbcc00d800'
Event: 2564.131 Thread 0x000002dbb3d228d0 Unloading class 0x000002dbcc00d400 'java/lang/invoke/LambdaForm$MH+0x000002dbcc00d400'
Event: 2564.131 Thread 0x000002dbb3d228d0 Unloading class 0x000002dbcc00d000 'java/lang/invoke/LambdaForm$MH+0x000002dbcc00d000'
Event: 2564.131 Thread 0x000002dbb3d228d0 Unloading class 0x000002dbcc00cc00 'java/lang/invoke/LambdaForm$MH+0x000002dbcc00cc00'
Event: 2564.131 Thread 0x000002dbb3d228d0 Unloading class 0x000002dbcc00c800 'java/lang/invoke/LambdaForm$BMH+0x000002dbcc00c800'
Event: 2564.131 Thread 0x000002dbb3d228d0 Unloading class 0x000002dbcc00c000 'java/lang/invoke/LambdaForm$DMH+0x000002dbcc00c000'
Event: 2564.131 Thread 0x000002dbb3d228d0 Unloading class 0x000002dbcc008c00 'java/lang/invoke/LambdaForm$MH+0x000002dbcc008c00'
Event: 2564.131 Thread 0x000002dbb3d228d0 Unloading class 0x000002dbcc008800 'java/lang/invoke/LambdaForm$MH+0x000002dbcc008800'
Event: 2564.131 Thread 0x000002dbb3d228d0 Unloading class 0x000002dbcc008400 'java/lang/invoke/LambdaForm$MH+0x000002dbcc008400'
Event: 2564.131 Thread 0x000002dbb3d228d0 Unloading class 0x000002dbcc007000 'java/lang/invoke/LambdaForm$MH+0x000002dbcc007000'
Event: 2564.131 Thread 0x000002dbb3d228d0 Unloading class 0x000002dbcc006c00 'java/lang/invoke/LambdaForm$MH+0x000002dbcc006c00'
Event: 2564.131 Thread 0x000002dbb3d228d0 Unloading class 0x000002dbcc006800 'java/lang/invoke/LambdaForm$MH+0x000002dbcc006800'
Event: 2564.131 Thread 0x000002dbb3d228d0 Unloading class 0x000002dbcc006400 'java/lang/invoke/LambdaForm$MH+0x000002dbcc006400'
Event: 2564.131 Thread 0x000002dbb3d228d0 Unloading class 0x000002dbcc005c00 'java/lang/invoke/LambdaForm$BMH+0x000002dbcc005c00'
Event: 2564.131 Thread 0x000002dbb3d228d0 Unloading class 0x000002dbcc004800 'java/lang/invoke/LambdaForm$DMH+0x000002dbcc004800'
Event: 2564.131 Thread 0x000002dbb3d228d0 Unloading class 0x000002dbcc002400 'java/lang/invoke/LambdaForm$MH+0x000002dbcc002400'
Event: 2564.131 Thread 0x000002dbb3d228d0 Unloading class 0x000002dbcc002000 'java/lang/invoke/LambdaForm$MH+0x000002dbcc002000'
Event: 2564.131 Thread 0x000002dbb3d228d0 Unloading class 0x000002dbcc001800 'java/lang/invoke/LambdaForm$MH+0x000002dbcc001800'

Classes redefined (0 events):
No events

Internal exceptions (20 events):
Event: 3700.065 Thread 0x000002dc112c11b0 Exception <a 'sun/nio/fs/WindowsException'{0x00000000d5584eb0}> (0x00000000d5584eb0) 
thrown [s\src\hotspot\share\prims\jni.cpp, line 520]
Event: 3712.683 Thread 0x000002dc118999f0 Implicit null exception at 0x000002dbbeef44b9 to 0x000002dbbeef4728
Event: 3719.230 Thread 0x000002dc112c11b0 Exception <a 'sun/nio/fs/WindowsException'{0x00000000d56edf38}> (0x00000000d56edf38) 
thrown [s\src\hotspot\share\prims\jni.cpp, line 520]
Event: 3719.457 Thread 0x000002dc112c11b0 Exception <a 'sun/nio/fs/WindowsException'{0x00000000d5640660}> (0x00000000d5640660) 
thrown [s\src\hotspot\share\prims\jni.cpp, line 520]
Event: 3731.382 Thread 0x000002dc112c11b0 Exception <a 'sun/nio/fs/WindowsException'{0x00000000d5679c20}> (0x00000000d5679c20) 
thrown [s\src\hotspot\share\prims\jni.cpp, line 520]
Event: 3731.537 Thread 0x000002dc112c11b0 Exception <a 'sun/nio/fs/WindowsException'{0x00000000d55dc3b0}> (0x00000000d55dc3b0) 
thrown [s\src\hotspot\share\prims\jni.cpp, line 520]
Event: 3735.429 Thread 0x000002dc112c11b0 Exception <a 'sun/nio/fs/WindowsException'{0x00000000d564a2b8}> (0x00000000d564a2b8) 
thrown [s\src\hotspot\share\prims\jni.cpp, line 520]
Event: 3735.581 Thread 0x000002dc112c11b0 Exception <a 'sun/nio/fs/WindowsException'{0x00000000d564a530}> (0x00000000d564a530) 
thrown [s\src\hotspot\share\prims\jni.cpp, line 520]
Event: 3738.862 Thread 0x000002dc112c11b0 Exception <a 'sun/nio/fs/WindowsException'{0x00000000d560dfe8}> (0x00000000d560dfe8) 
thrown [s\src\hotspot\share\prims\jni.cpp, line 520]
Event: 3739.014 Thread 0x000002dc112c11b0 Exception <a 'sun/nio/fs/WindowsException'{0x00000000d55c6c08}> (0x00000000d55c6c08) 
thrown [s\src\hotspot\share\prims\jni.cpp, line 520]
Event: 3740.209 Thread 0x000002dc118999f0 Exception <a 'java/lang/NoSuchMethodError'{0x00000000d57f3a88}: 'int java.lang.invoke.DirectMethodHandle$Holder.invokeSpecial(java.lang.Object, java.lang.Object, java.lang.Object, java.lang.Object, java.lang.Object)'> (0x00000000d57f3a88) 
thrown [s\src\hotspot\share\interpreter\linkResolver.cpp, line 773]
Event: 3740.775 Thread 0x000002dc112c11b0 Exception <a 'sun/nio/fs/WindowsException'{0x00000000d55c5790}> (0x00000000d55c5790) 
thrown [s\src\hotspot\share\prims\jni.cpp, line 520]
Event: 3740.890 Thread 0x000002dc112c11b0 Exception <a 'sun/nio/fs/WindowsException'{0x00000000d5759638}> (0x00000000d5759638) 
thrown [s\src\hotspot\share\prims\jni.cpp, line 520]
Event: 3742.853 Thread 0x000002dc112c11b0 Exception <a 'sun/nio/fs/WindowsException'{0x00000000d56f5640}> (0x00000000d56f5640) 
thrown [s\src\hotspot\share\prims\jni.cpp, line 520]
Event: 3743.154 Thread 0x000002dc112c11b0 Exception <a 'sun/nio/fs/WindowsException'{0x00000000d55e0528}> (0x00000000d55e0528) 
thrown [s\src\hotspot\share\prims\jni.cpp, line 520]
Event: 3745.083 Thread 0x000002dc112c11b0 Exception <a 'sun/nio/fs/WindowsException'{0x00000000d57efda8}> (0x00000000d57efda8) 
thrown [s\src\hotspot\share\prims\jni.cpp, line 520]
Event: 3745.268 Thread 0x000002dc112c11b0 Exception <a 'sun/nio/fs/WindowsException'{0x00000000d5603ea8}> (0x00000000d5603ea8) 
thrown [s\src\hotspot\share\prims\jni.cpp, line 520]
Event: 3867.047 Thread 0x000002dc1189bac0 Implicit null exception at 0x000002dbbfa550be to 0x000002dbbfa553a8
Event: 3867.047 Thread 0x000002dc1189bac0 Implicit null exception at 0x000002dbbfa550be to 0x000002dbbfa553a8
Event: 3867.083 Thread 0x000002dc1189bac0 Implicit null exception at 0x000002dbbf0833b5 to 0x000002dbbf083628

ZGC Phase Switch (0 events):
No events

VM Operations (20 events):
Event: 4884.997 Executing safepoint VM operation: ParallelGCFailedAllocation (Allocation Failure)
Event: 4884.998 Executing safepoint VM operation: ParallelGCFailedAllocation (Allocation Failure) done
Event: 4885.007 Executing safepoint VM operation: ParallelGCFailedAllocation (Allocation Failure)
Event: 4885.012 Executing safepoint VM operation: ParallelGCFailedAllocation (Allocation Failure) done
Event: 4900.767 Executing safepoint VM operation: ParallelGCFailedAllocation (Allocation Failure)
Event: 4900.772 Executing safepoint VM operation: ParallelGCFailedAllocation (Allocation Failure) done
Event: 4900.784 Executing safepoint VM operation: ParallelGCFailedAllocation (Allocation Failure)
Event: 4900.787 Executing safepoint VM operation: ParallelGCFailedAllocation (Allocation Failure) done
Event: 4900.793 Executing safepoint VM operation: ParallelGCFailedAllocation (Allocation Failure)
Event: 4900.798 Executing safepoint VM operation: ParallelGCFailedAllocation (Allocation Failure) done
Event: 4900.804 Executing safepoint VM operation: ParallelGCFailedAllocation (Allocation Failure)
Event: 4900.810 Executing safepoint VM operation: ParallelGCFailedAllocation (Allocation Failure) done
Event: 4900.815 Executing safepoint VM operation: ParallelGCFailedAllocation (Allocation Failure)
Event: 4900.821 Executing safepoint VM operation: ParallelGCFailedAllocation (Allocation Failure) done
Event: 4900.832 Executing safepoint VM operation: ParallelGCFailedAllocation (Allocation Failure)
Event: 4900.838 Executing safepoint VM operation: ParallelGCFailedAllocation (Allocation Failure) done
Event: 4900.847 Executing safepoint VM operation: ParallelGCFailedAllocation (Allocation Failure)
Event: 4900.852 Executing safepoint VM operation: ParallelGCFailedAllocation (Allocation Failure) done
Event: 4900.864 Executing safepoint VM operation: ParallelGCFailedAllocation (Allocation Failure)
Event: 4900.868 Executing safepoint VM operation: ParallelGCFailedAllocation (Allocation Failure) done

Memory protections (0 events):
No events

Nmethod flushes (20 events):
Event: 2564.486 Thread 0x000002dbb3d228d0 flushing  nmethod 0x000002dbb8d11310
Event: 2564.486 Thread 0x000002dbb3d228d0 flushing  nmethod 0x000002dbb8d16a10
Event: 2564.486 Thread 0x000002dbb3d228d0 flushing  nmethod 0x000002dbb8d34c90
Event: 2564.486 Thread 0x000002dbb3d228d0 flushing  nmethod 0x000002dbb8d42d90
Event: 2564.486 Thread 0x000002dbb3d228d0 flushing  nmethod 0x000002dbb8d44810
Event: 2564.486 Thread 0x000002dbb3d228d0 flushing osr nmethod 0x000002dbb8d50110
Event: 2564.487 Thread 0x000002dbb3d228d0 flushing  nmethod 0x000002dbb8d57310
Event: 2564.487 Thread 0x000002dbb3d228d0 flushing  nmethod 0x000002dbb8d5c890
Event: 2564.487 Thread 0x000002dbb3d228d0 flushing  nmethod 0x000002dbb8d5e610
Event: 2564.487 Thread 0x000002dbb3d228d0 flushing  nmethod 0x000002dbb8d5ef10
Event: 2564.487 Thread 0x000002dbb3d228d0 flushing  nmethod 0x000002dbb8d5f290
Event: 2564.487 Thread 0x000002dbb3d228d0 flushing  nmethod 0x000002dbb8d5fa10
Event: 2564.487 Thread 0x000002dbb3d228d0 flushing  nmethod 0x000002dbb8d61290
Event: 2564.487 Thread 0x000002dbb3d228d0 flushing  nmethod 0x000002dbb8d74e90
Event: 2564.487 Thread 0x000002dbb3d228d0 flushing  nmethod 0x000002dbb8dab290
Event: 2564.487 Thread 0x000002dbb3d228d0 flushing osr nmethod 0x000002dbb8df4890
Event: 2564.487 Thread 0x000002dbb3d228d0 flushing  nmethod 0x000002dbb8e52590
Event: 2564.487 Thread 0x000002dbb3d228d0 flushing  nmethod 0x000002dbb8f1c210
Event: 2564.488 Thread 0x000002dbb3d228d0 flushing  nmethod 0x000002dbb8fcbb90
Event: 2564.488 Thread 0x000002dbb3d228d0 flushing  nmethod 0x000002dbb8fda090

Events (20 events):
Event: 3953.984 Thread 0x000002dc1189f5d0 Thread added: 0x000002dc12036a40
Event: 3997.692 Thread 0x000002dc1189ef40 Thread exited: 0x000002dc1189ef40
Event: 3997.724 Thread 0x000002dc1189ada0 Thread exited: 0x000002dc1189ada0
Event: 3997.724 Thread 0x000002dc1189a080 Thread exited: 0x000002dc1189a080
Event: 3997.724 Thread 0x000002dc12032f30 Thread exited: 0x000002dc12032f30
Event: 3997.740 Thread 0x000002dc118a02f0 Thread exited: 0x000002dc118a02f0
Event: 3999.886 Thread 0x000002dc1189e8b0 Thread exited: 0x000002dc1189e8b0
Event: 4048.833 Thread 0x000002dc118999f0 Thread exited: 0x000002dc118999f0
Event: 4073.993 Thread 0x000002dc12036a40 Thread exited: 0x000002dc12036a40
Event: 4108.848 Thread 0x000002dc1189bac0 Thread exited: 0x000002dc1189bac0
Event: 4168.857 Thread 0x000002dc1189b430 Thread exited: 0x000002dc1189b430
Event: 4228.869 Thread 0x000002dc1189c150 Thread exited: 0x000002dc1189c150
Event: 4288.870 Thread 0x000002dc1189ce70 Thread exited: 0x000002dc1189ce70
Event: 4348.878 Thread 0x000002dc1189a710 Thread exited: 0x000002dc1189a710
Event: 4408.883 Thread 0x000002dc12038b10 Thread exited: 0x000002dc12038b10
Event: 4749.530 Thread 0x000002dc13fcc970 Thread added: 0x000002dc12032f30
Event: 4799.479 Thread 0x000002dc12032f30 Thread added: 0x000002dc12036a40
Event: 4799.480 Thread 0x000002dc12032f30 Thread added: 0x000002dc12038b10
Event: 4799.499 Thread 0x000002dc12032f30 Thread added: 0x000002dc120370d0
Event: 4862.974 Thread 0x000002dc1189f5d0 Thread added: 0x000002dc1189b430


Dynamic libraries:
0x00007ff7e2c30000 - 0x00007ff7e2c3e000 	c:\Users\Lorena Reyes\.vscode\extensions\redhat.java-1.53.0-win32-x64\jre\21.0.10-win32-x86_64\bin\java.exe
0x00007ffa25e80000 - 0x00007ffa260e7000 	C:\WINDOWS\SYSTEM32\ntdll.dll
0x00007ffa24860000 - 0x00007ffa24929000 	C:\WINDOWS\System32\KERNEL32.DLL
0x00007ffa23560000 - 0x00007ffa23951000 	C:\WINDOWS\System32\KERNELBASE.dll
0x00007ffa1fb00000 - 0x00007ffa1fb9f000 	C:\WINDOWS\SYSTEM32\apphelp.dll
0x00007ffa22ba0000 - 0x00007ffa22ceb000 	C:\WINDOWS\System32\ucrtbase.dll
0x00007ff9e6a00000 - 0x00007ff9e6a1e000 	c:\Users\Lorena Reyes\.vscode\extensions\redhat.java-1.53.0-win32-x64\jre\21.0.10-win32-x86_64\bin\VCRUNTIME140.dll
0x00007ff9e1590000 - 0x00007ff9e15a8000 	c:\Users\Lorena Reyes\.vscode\extensions\redhat.java-1.53.0-win32-x64\jre\21.0.10-win32-x86_64\bin\jli.dll
0x00007ffa25ae0000 - 0x00007ffa25ca5000 	C:\WINDOWS\System32\USER32.dll
0x00007ffa06e30000 - 0x00007ffa070c3000 	C:\WINDOWS\WinSxS\amd64_microsoft.windows.common-controls_6595b64144ccf1df_6.0.26100.8037_none_3e092faae333b53b\COMCTL32.dll
0x00007ffa22760000 - 0x00007ffa22787000 	C:\WINDOWS\System32\win32u.dll
0x00007ffa24040000 - 0x00007ffa240e9000 	C:\WINDOWS\System32\msvcrt.dll
0x00007ffa25910000 - 0x00007ffa2593b000 	C:\WINDOWS\System32\GDI32.dll
0x00007ffa22790000 - 0x00007ffa228bb000 	C:\WINDOWS\System32\gdi32full.dll
0x00007ffa22980000 - 0x00007ffa22a23000 	C:\WINDOWS\System32\msvcp_win.dll
0x00007ffa244f0000 - 0x00007ffa24521000 	C:\WINDOWS\System32\IMM32.DLL
0x00007ffa18020000 - 0x00007ffa1802c000 	c:\Users\Lorena Reyes\.vscode\extensions\redhat.java-1.53.0-win32-x64\jre\21.0.10-win32-x86_64\bin\vcruntime140_1.dll
0x00007ff9e0010000 - 0x00007ff9e009d000 	c:\Users\Lorena Reyes\.vscode\extensions\redhat.java-1.53.0-win32-x64\jre\21.0.10-win32-x86_64\bin\msvcp140.dll
0x00007ff96bfb0000 - 0x00007ff96cd51000 	c:\Users\Lorena Reyes\.vscode\extensions\redhat.java-1.53.0-win32-x64\jre\21.0.10-win32-x86_64\bin\server\jvm.dll
0x00007ffa253b0000 - 0x00007ffa2546b000 	C:\WINDOWS\System32\ADVAPI32.dll
0x00007ffa25cb0000 - 0x00007ffa25d57000 	C:\WINDOWS\System32\sechost.dll
0x00007ffa25290000 - 0x00007ffa253a8000 	C:\WINDOWS\System32\RPCRT4.dll
0x00007ffa24580000 - 0x00007ffa245f4000 	C:\WINDOWS\System32\WS2_32.dll
0x00007ffa0fb20000 - 0x00007ffa0fb55000 	C:\WINDOWS\SYSTEM32\WINMM.dll
0x00007ffa1b1f0000 - 0x00007ffa1b1fb000 	C:\WINDOWS\SYSTEM32\VERSION.dll
0x00007ffa225e0000 - 0x00007ffa2263e000 	C:\WINDOWS\SYSTEM32\POWRPROF.dll
0x00007ffa225c0000 - 0x00007ffa225d4000 	C:\WINDOWS\SYSTEM32\UMPDC.dll
0x00007ffa214c0000 - 0x00007ffa214db000 	C:\WINDOWS\SYSTEM32\kernel.appcore.dll
0x00007ffa17fb0000 - 0x00007ffa17fba000 	c:\Users\Lorena Reyes\.vscode\extensions\redhat.java-1.53.0-win32-x64\jre\21.0.10-win32-x86_64\bin\jimage.dll
0x00007ffa20710000 - 0x00007ffa20952000 	C:\WINDOWS\SYSTEM32\DBGHELP.DLL
0x00007ffa23c20000 - 0x00007ffa23fa2000 	C:\WINDOWS\System32\combase.dll
0x00007ffa25d60000 - 0x00007ffa25e37000 	C:\WINDOWS\System32\OLEAUT32.dll
0x00007ffa07650000 - 0x00007ffa0768b000 	C:\WINDOWS\SYSTEM32\dbgcore.DLL
0x00007ffa239f0000 - 0x00007ffa23a95000 	C:\WINDOWS\System32\bcryptPrimitives.dll
0x00007ffa0b790000 - 0x00007ffa0b79f000 	c:\Users\Lorena Reyes\.vscode\extensions\redhat.java-1.53.0-win32-x64\jre\21.0.10-win32-x86_64\bin\instrument.dll
0x00007ff9e0b90000 - 0x00007ff9e0bb0000 	c:\Users\Lorena Reyes\.vscode\extensions\redhat.java-1.53.0-win32-x64\jre\21.0.10-win32-x86_64\bin\java.dll
0x00007ffa24930000 - 0x00007ffa2508f000 	C:\WINDOWS\System32\SHELL32.dll
0x00007ffa22a30000 - 0x00007ffa22b9a000 	C:\WINDOWS\System32\wintypes.dll
0x00007ffa22cf0000 - 0x00007ffa23554000 	C:\WINDOWS\System32\windows.storage.dll
0x00007ffa243b0000 - 0x00007ffa244a7000 	C:\WINDOWS\System32\SHCORE.dll
0x00007ffa240f0000 - 0x00007ffa24157000 	C:\WINDOWS\System32\shlwapi.dll
0x00007ffa22680000 - 0x00007ffa226a9000 	C:\WINDOWS\SYSTEM32\profapi.dll
0x00007ff9e0b20000 - 0x00007ff9e0b38000 	c:\Users\Lorena Reyes\.vscode\extensions\redhat.java-1.53.0-win32-x64\jre\21.0.10-win32-x86_64\bin\zip.dll
0x00007ffa07100000 - 0x00007ffa07110000 	C:\Users\Lorena Reyes\.vscode\extensions\redhat.java-1.53.0-win32-x64\jre\21.0.10-win32-x86_64\bin\net.dll
0x00007ffa1b070000 - 0x00007ffa1b197000 	C:\WINDOWS\SYSTEM32\WINHTTP.dll
0x00007ffa21a40000 - 0x00007ffa21aab000 	C:\WINDOWS\system32\mswsock.dll
0x00007ff9dfd30000 - 0x00007ff9dfd46000 	C:\Users\Lorena Reyes\.vscode\extensions\redhat.java-1.53.0-win32-x64\jre\21.0.10-win32-x86_64\bin\nio.dll
0x00007ff9fb260000 - 0x00007ff9fb270000 	c:\Users\Lorena Reyes\.vscode\extensions\redhat.java-1.53.0-win32-x64\jre\21.0.10-win32-x86_64\bin\verify.dll
0x00007ff9c9d10000 - 0x00007ff9c9d55000 	C:\Users\Lorena Reyes\AppData\Roaming\Code\User\globalStorage\redhat.java\1.53.0\config_win\org.eclipse.equinox.launcher\org.eclipse.equinox.launcher.win32.win32.x86_64_1.3.0.v20260203-2149\eclipse_11919.dll
0x00007ffa25940000 - 0x00007ffa25ad5000 	C:\WINDOWS\System32\ole32.dll
0x00007ffa21d40000 - 0x00007ffa21d5b000 	C:\WINDOWS\SYSTEM32\CRYPTSP.dll
0x00007ffa21420000 - 0x00007ffa21459000 	C:\WINDOWS\system32\rsaenh.dll
0x00007ffa21b10000 - 0x00007ffa21b42000 	C:\WINDOWS\SYSTEM32\USERENV.dll
0x00007ffa22650000 - 0x00007ffa2267a000 	C:\WINDOWS\SYSTEM32\bcrypt.dll
0x00007ffa21d60000 - 0x00007ffa21d6c000 	C:\WINDOWS\SYSTEM32\CRYPTBASE.dll
0x00007ffa20e80000 - 0x00007ffa20eb3000 	C:\WINDOWS\SYSTEM32\IPHLPAPI.DLL
0x00007ffa25470000 - 0x00007ffa2547a000 	C:\WINDOWS\System32\NSI.dll
0x00007ff9dcc40000 - 0x00007ff9dcc89000 	C:\Users\Lorena Reyes\AppData\Local\Temp\jna-149346333\jna6049795815386796086.dll
0x00007ffa23fb0000 - 0x00007ffa23fb8000 	C:\WINDOWS\System32\PSAPI.DLL
0x00007ffa1b8a0000 - 0x00007ffa1b8bd000 	C:\WINDOWS\SYSTEM32\dhcpcsvc6.DLL
0x00007ffa1b200000 - 0x00007ffa1b223000 	C:\WINDOWS\SYSTEM32\dhcpcsvc.DLL
0x00007ffa1b8d0000 - 0x00007ffa1b8de000 	C:\Users\Lorena Reyes\.vscode\extensions\redhat.java-1.53.0-win32-x64\jre\21.0.10-win32-x86_64\bin\sunmscapi.dll
0x00007ffa23aa0000 - 0x00007ffa23c17000 	C:\WINDOWS\System32\CRYPT32.dll
0x00007ffa21f60000 - 0x00007ffa21f90000 	C:\WINDOWS\SYSTEM32\ncrypt.dll
0x00007ffa21f10000 - 0x00007ffa21f4f000 	C:\WINDOWS\SYSTEM32\NTASN1.dll
0x00007ffa20ee0000 - 0x00007ffa2100a000 	C:\WINDOWS\SYSTEM32\DNSAPI.dll
0x00007ffa1b890000 - 0x00007ffa1b89b000 	C:\Windows\System32\rasadhlp.dll
0x00007ffa18640000 - 0x00007ffa186c6000 	C:\WINDOWS\System32\fwpuclnt.dll
0x00007ffa18460000 - 0x00007ffa18469000 	C:\Users\Lorena Reyes\.vscode\extensions\redhat.java-1.53.0-win32-x64\jre\21.0.10-win32-x86_64\bin\extnet.dll

JVMTI agents:
c:\Users\Lorena Reyes\.vscode\extensions\redhat.java-1.53.0-win32-x64\lombok\lombok-1.18.39-4050.jar path:c:\Users\Lorena Reyes\.vscode\extensions\redhat.java-1.53.0-win32-x64\jre\21.0.10-win32-x86_64\bin\instrument.dll, loaded, initialized, instrumentlib options:none

dbghelp: loaded successfully - version: 4.0.5 - missing functions: none
symbol engine: initialized successfully - sym options: 0x614 - pdb path: .;c:\Users\Lorena Reyes\.vscode\extensions\redhat.java-1.53.0-win32-x64\jre\21.0.10-win32-x86_64\bin;C:\WINDOWS\SYSTEM32;C:\WINDOWS\WinSxS\amd64_microsoft.windows.common-controls_6595b64144ccf1df_6.0.26100.8037_none_3e092faae333b53b;c:\Users\Lorena Reyes\.vscode\extensions\redhat.java-1.53.0-win32-x64\jre\21.0.10-win32-x86_64\bin\server;C:\Users\Lorena Reyes\AppData\Roaming\Code\User\globalStorage\redhat.java\1.53.0\config_win\org.eclipse.equinox.launcher\org.eclipse.equinox.launcher.win32.win32.x86_64_1.3.0.v20260203-2149;C:\Users\Lorena Reyes\AppData\Local\Temp\jna-149346333

VM Arguments:
jvm_args: --add-modules=ALL-SYSTEM --add-opens=java.base/java.util=ALL-UNNAMED --add-opens=java.base/java.lang=ALL-UNNAMED --add-opens=java.base/sun.nio.fs=ALL-UNNAMED -Declipse.application=org.eclipse.jdt.ls.core.id1 -Dosgi.bundles.defaultStartLevel=4 -Declipse.product=org.eclipse.jdt.ls.core.product -Djava.import.generatesMetadataFilesAtProjectRoot=false -DDetectVMInstallationsJob.disabled=true -Dfile.encoding=utf8 -XX:+UseParallelGC -XX:GCTimeRatio=4 -XX:AdaptiveSizePolicyWeight=90 -Dsun.zip.disableMemoryMapping=true -Xmx2G -Xms100m -Xlog:disable -javaagent:c:\Users\Lorena Reyes\.vscode\extensions\redhat.java-1.53.0-win32-x64\lombok\lombok-1.18.39-4050.jar -XX:+HeapDumpOnOutOfMemoryError -XX:HeapDumpPath=c:\Users\Lorena Reyes\AppData\Roaming\Code\User\workspaceStorage\a412d88f7c3d532d4008e2742edfc6b3\redhat.java -Daether.dependencyCollector.impl=bf 
java_command: c:\Users\Lorena Reyes\.vscode\extensions\redhat.java-1.53.0-win32-x64\server\plugins\org.eclipse.equinox.launcher_1.7.100.v20251111-0406.jar -configuration c:\Users\Lorena Reyes\AppData\Roaming\Code\User\globalStorage\redhat.java\1.53.0\config_win -data c:\Users\Lorena Reyes\AppData\Roaming\Code\User\workspaceStorage\a412d88f7c3d532d4008e2742edfc6b3\redhat.java\jdt_ws --pipe=\\.\pipe\lsp-716bc9b4f0ffc59c19a36f1d377e6982-sock
java_class_path (initial): c:\Users\Lorena Reyes\.vscode\extensions\redhat.java-1.53.0-win32-x64\server\plugins\org.eclipse.equinox.launcher_1.7.100.v20251111-0406.jar
Launcher Type: SUN_STANDARD

[Global flags]
    uintx AdaptiveSizePolicyWeight                 = 90                                        {product} {command line}
     intx CICompilerCount                          = 4                                         {product} {ergonomic}
    uintx GCTimeRatio                              = 4                                         {product} {command line}
     bool HeapDumpOnOutOfMemoryError               = true                                   {manageable} {command line}
    ccstr HeapDumpPath                             = c:\Users\Lorena Reyes\AppData\Roaming\Code\User\workspaceStorage\a412d88f7c3d532d4008e2742edfc6b3\redhat.java         {manageable} {command line}
   size_t InitialHeapSize                          = 104857600                                 {product} {command line}
   size_t MaxHeapSize                              = 2147483648                                {product} {command line}
   size_t MaxNewSize                               = 715653120                                 {product} {ergonomic}
   size_t MinHeapDeltaBytes                        = 524288                                    {product} {ergonomic}
   size_t MinHeapSize                              = 104857600                                 {product} {command line}
   size_t NewSize                                  = 34603008                                  {product} {ergonomic}
    uintx NonNMethodCodeHeapSize                   = 5839372                                {pd product} {ergonomic}
    uintx NonProfiledCodeHeapSize                  = 122909434                              {pd product} {ergonomic}
   size_t OldSize                                  = 70254592                                  {product} {ergonomic}
    uintx ProfiledCodeHeapSize                     = 122909434                              {pd product} {ergonomic}
    uintx ReservedCodeCacheSize                    = 251658240                              {pd product} {ergonomic}
     bool SegmentedCodeCache                       = true                                      {product} {ergonomic}
   size_t SoftMaxHeapSize                          = 2147483648                             {manageable} {ergonomic}
     bool UseCompressedOops                        = true                           {product lp64_product} {ergonomic}
     bool UseLargePagesIndividualAllocation        = false                                  {pd product} {ergonomic}
     bool UseParallelGC                            = true                                      {product} {command line}

Logging:
Log output configuration:
 #0: stdout all=off uptime,level,tags foldmultilines=false
 #1: stderr all=off uptime,level,tags foldmultilines=false

Release file:
JAVA_VERSION="21.0.10" 
MODULES="java.base java.compiler java.datatransfer java.xml java.prefs java.desktop java.instrument java.logging java.management java.security.sasl java.naming java.rmi java.management.rmi java.net.http java.scripting java.security.jgss java.transaction.xa java.sql java.sql.rowset java.xml.crypto java.se java.smartcardio jdk.accessibility jdk.internal.jvmstat jdk.attach jdk.charsets jdk.internal.opt jdk.zipfs jdk.compiler jdk.crypto.ec jdk.crypto.cryptoki jdk.crypto.mscapi jdk.dynalink jdk.internal.ed jdk.editpad jdk.hotspot.agent jdk.httpserver jdk.internal.le jdk.internal.vm.ci jdk.internal.vm.compiler jdk.internal.vm.compiler.management jdk.jartool jdk.javadoc jdk.jcmd jdk.management jdk.management.agent jdk.jconsole jdk.jdeps jdk.jdwp.agent jdk.jdi jdk.jfr jdk.jshell jdk.jsobject jdk.jstatd jdk.localedata jdk.management.jfr jdk.naming.dns jdk.naming.rmi jdk.net jdk.nio.mapmode jdk.random jdk.sctp jdk.security.auth jdk.security.jgss jdk.unsupported jdk.unsupported.desktop jdk.xml.dom" 

Environment Variables:
PATH=C:\Users\Lorena Reyes\AppData\Local\Programs\Microsoft VS Code;C:\Python313\Scripts\;C:\Python313\;C:\ORACLEAPP\dbhomeXE\bin;C:\Program Files\Common Files\Oracle\Java\javapath;C:\Program Files (x86)\Common Files\Oracle\Java\java8path;C:\Program Files (x86)\Common Files\Oracle\Java\javapath;C:\WINDOWS\system32;C:\WINDOWS;C:\WINDOWS\System32\Wbem;C:\WINDOWS\System32\WindowsPowerShell\v1.0\;C:\WINDOWS\System32\OpenSSH\;C:\Program Files\Google\Google Apps Sync\;C:\Program Files\Google\Google Apps Migration\;C:\Program Files (x86)\IVI Foundation\VISA\WinNT\Bin;C:\Program Files\Git\cmd;C:\Program Files\Git\mingw64\bin;C:\Program Files\Git\usr\bin;C:\C++Martes\mingw64\bin;C:\Program Files\nodejs\;C:\ProgramData\chocolatey\bin;C:\Users\Lorena Reyes\Downloads\winlibs-x86_64-posix-seh-gcc-15.2.0-mingw-w64msvcrt-13.0.0-r1\mingw64\bin;C:\Users\Lorena Reyes\OneDrive\OneDrive Ruben\OneDrive\Apache Maven 2603\apache-maven-3.9.14\bin;;C:\Program Files\Docker\Docker\resources\bin;C:\Users\Lorena Reyes\AppData\Local\Programs\Python\Launcher\;C:\Users\Lorena Reyes\AppData\Local\Programs\Python\Python39\Scripts\;C:\Users\Lorena Reyes\AppData\Local\Programs\Python\Python39\;C:\Users\Lorena Reyes\AppData\Local\Microsoft\WindowsApps;C:\Users\Lorena Reyes\.lmstudio\bin;C:\Users\Lorena Reyes\AppData\Roaming\npm;C:\msys64\ucrt64\bin;C:\msys64\mingw64\bin;C:\Users\Lorena Reyes\AppData\Local\Programs\Microsoft VS Code\bin;C:\Users\Lorena Reyes\AppData\Local\Microsoft\WindowsApps;C:\xampp2\mysql\bin;C:\Program Files\JetBrains\IntelliJ IDEA 2025.3.2\bin
USERNAME=Lorena Reyes
OS=Windows_NT
PROCESSOR_IDENTIFIER=Intel64 Family 6 Model 126 Stepping 5, GenuineIntel
TMP=C:\Users\LORENA~1\AppData\Local\Temp
TEMP=C:\Users\LORENA~1\AppData\Local\Temp




Periodic native trim disabled

---------------  S Y S T E M  ---------------

OS:
 Windows 11 , 64 bit Build 26100 (10.0.26100.7920)
OS uptime: 0 days 5:03 hours
Hyper-V role detected

CPU: total 8 (initial active 8) (4 cores per cpu, 2 threads per core) family 6 model 126 stepping 5 microcode 0xbc, cx8, cmov, fxsr, ht, mmx, 3dnowpref, sse, sse2, sse3, ssse3, sse4.1, sse4.2, popcnt, lzcnt, tsc, tscinvbit, avx, avx2, aes, erms, clmul, bmi1, bmi2, adx, avx512f, avx512dq, avx512cd, avx512bw, avx512vl, sha, fma, vzeroupper, avx512_vpopcntdq, avx512_vpclmulqdq, avx512_vaes, avx512_vnni, clflush, clflushopt, avx512_vbmi2, avx512_vbmi, hv, rdtscp, rdpid, fsrm, gfni, avx512_bitalg, f16c, avx512_ifma
Processor Information for processor 0
  Max Mhz: 1201, Current Mhz: 1000, Mhz Limit: 1201
Processor Information for processor 1
  Max Mhz: 1201, Current Mhz: 1201, Mhz Limit: 1201
Processor Information for processor 2
  Max Mhz: 1201, Current Mhz: 1201, Mhz Limit: 1201
Processor Information for processor 3
  Max Mhz: 1201, Current Mhz: 1000, Mhz Limit: 1201
Processor Information for processor 4
  Max Mhz: 1201, Current Mhz: 1201, Mhz Limit: 1201
Processor Information for processor 5
  Max Mhz: 1201, Current Mhz: 1201, Mhz Limit: 1201
Processor Information for processor 6
  Max Mhz: 1201, Current Mhz: 1201, Mhz Limit: 1201
Processor Information for processor 7
  Max Mhz: 1201, Current Mhz: 1201, Mhz Limit: 1201

Memory: 4k page, system-wide physical 7876M (701M free)
TotalPageFile size 15463M (AvailPageFile size 3M)
current process WorkingSet (physical memory assigned to process): 308M, peak: 703M
current process commit charge ("private bytes"): 1134M, peak: 1135M

vm_info: OpenJDK 64-Bit Server VM (21.0.10+7-LTS) for windows-amd64 JRE (21.0.10+7-LTS), built on 2026-01-20T00:00:00Z by "admin" with MS VC++ 17.12 (VS2022)

END.
